[0.000000] (-) TimerEvent: {}
[0.000365] (ROS_2) JobQueued: {'identifier': 'ROS_2', 'dependencies': OrderedDict()}
[0.000395] (ROS_2) JobStarted: {'identifier': 'ROS_2'}
[0.008539] (ROS_2) JobProgress: {'identifier': 'ROS_2', 'progress': 'cmake'}
[0.008969] (ROS_2) Command: {'cmd': ['/usr/bin/cmake', '/home/robot-max/Desktop/ROS_2/ROS_2', '-DCMAKE_INSTALL_PREFIX=/home/robot-max/Desktop/ROS_2/install/ROS_2'], 'cwd': '/home/robot-max/Desktop/ROS_2/build/ROS_2', 'env': OrderedDict({'LESSOPEN': '| /usr/bin/lesspipe %s', 'LANGUAGE': 'zh_CN:en', 'USER': 'robot-max', 'LC_TIME': 'zh_CN.UTF-8', 'XDG_SESSION_TYPE': 'x11', 'SHLVL': '1', 'LD_LIBRARY_PATH': '/opt/ros/jazzy/opt/rviz_ogre_vendor/lib:/opt/ros/jazzy/lib/x86_64-linux-gnu:/opt/ros/jazzy/opt/gz_math_vendor/lib:/opt/ros/jazzy/opt/gz_utils_vendor/lib:/opt/ros/jazzy/opt/gz_cmake_vendor/lib:/opt/ros/jazzy/lib', 'HOME': '/home/robot-max', 'OLDPWD': '/home/robot-max/Desktop', 'DESKTOP_SESSION': 'ubuntu', 'ROS_PYTHON_VERSION': '3', 'GNOME_SHELL_SESSION_MODE': 'ubuntu', 'GTK_MODULES': 'gail:atk-bridge', 'SDL_IM_MODULE': 'fcitx', 'LC_MONETARY': 'zh_CN.UTF-8', 'DBUS_STARTER_BUS_TYPE': 'session', 'SYSTEMD_EXEC_PID': '2884', 'GSM_SKIP_SSH_AGENT_WORKAROUND': 'true', 'DBUS_SESSION_BUS_ADDRESS': 'unix:path=/run/user/1000/bus,guid=80232d928d8461f0e531b3c8693f7612', 'COLORTERM': 'truecolor', 'DEBUGINFOD_URLS': 'https://debuginfod.ubuntu.com', 'IM_CONFIG_PHASE': '1', 'ROS_DISTRO': 'jazzy', 'GTK_IM_MODULE': 'fcitx', 'LOGNAME': 'robot-max', '_': '/usr/bin/colcon', 'ROS_VERSION': '2', 'PKG_CONFIG_PATH': '/usr/local/lib/pkgconfig/:', 'MEMORY_PRESSURE_WATCH': '/sys/fs/cgroup/user.slice/user-1000.slice/user@1000.service/app.slice/app-gnome\\x2dsession\\x2dmanager.slice/gnome-session-manager@ubuntu.service/memory.pressure', 'XDG_SESSION_CLASS': 'user', 'USERNAME': 'robot-max', 'TERM': 'xterm-256color', 'GNOME_DESKTOP_SESSION_ID': 'this-is-deprecated', 'WINDOWPATH': '2', 'PATH': '/opt/ros/jazzy/bin:/usr/local/sbin:/usr/local/bin:/usr/sbin:/usr/bin:/sbin:/bin:/usr/games:/usr/local/games:/snap/bin:/snap/bin', 'SESSION_MANAGER': 'local/robot-max-JIAOLONG-Series:@/tmp/.ICE-unix/2884,unix/robot-max-JIAOLONG-Series:/tmp/.ICE-unix/2884', 'PAPERSIZE': 'a4', 'XDG_MENU_PREFIX': 'gnome-', 'LC_ADDRESS': 'zh_CN.UTF-8', 'GNOME_TERMINAL_SCREEN': '/org/gnome/Terminal/screen/1d328b16_902c_434e_ba42_f590f8cf7f5f', 'XDG_RUNTIME_DIR': '/run/user/1000', 'DISPLAY': ':1', 'LANG': 'zh_CN.UTF-8', 'XDG_CURRENT_DESKTOP': 'ubuntu:GNOME', 'LC_TELEPHONE': 'zh_CN.UTF-8', 'XMODIFIERS': '@im=fcitx', 'XDG_SESSION_DESKTOP': 'ubuntu', 'XAUTHORITY': '/run/user/1000/gdm/Xauthority', 'LS_COLORS': 'rs=0:di=01;34:ln=01;36:mh=00:pi=40;33:so=01;35:do=01;35:bd=40;33;01:cd=40;33;01:or=40;31;01:mi=00:su=37;41:sg=30;43:ca=00:tw=30;42:ow=34;42:st=37;44:ex=01;32:*.tar=01;31:*.tgz=01;31:*.arc=01;31:*.arj=01;31:*.taz=01;31:*.lha=01;31:*.lz4=01;31:*.lzh=01;31:*.lzma=01;31:*.tlz=01;31:*.txz=01;31:*.tzo=01;31:*.t7z=01;31:*.zip=01;31:*.z=01;31:*.dz=01;31:*.gz=01;31:*.lrz=01;31:*.lz=01;31:*.lzo=01;31:*.xz=01;31:*.zst=01;31:*.tzst=01;31:*.bz2=01;31:*.bz=01;31:*.tbz=01;31:*.tbz2=01;31:*.tz=01;31:*.deb=01;31:*.rpm=01;31:*.jar=01;31:*.war=01;31:*.ear=01;31:*.sar=01;31:*.rar=01;31:*.alz=01;31:*.ace=01;31:*.zoo=01;31:*.cpio=01;31:*.7z=01;31:*.rz=01;31:*.cab=01;31:*.wim=01;31:*.swm=01;31:*.dwm=01;31:*.esd=01;31:*.avif=01;35:*.jpg=01;35:*.jpeg=01;35:*.mjpg=01;35:*.mjpeg=01;35:*.gif=01;35:*.bmp=01;35:*.pbm=01;35:*.pgm=01;35:*.ppm=01;35:*.tga=01;35:*.xbm=01;35:*.xpm=01;35:*.tif=01;35:*.tiff=01;35:*.png=01;35:*.svg=01;35:*.svgz=01;35:*.mng=01;35:*.pcx=01;35:*.mov=01;35:*.mpg=01;35:*.mpeg=01;35:*.m2v=01;35:*.mkv=01;35:*.webm=01;35:*.webp=01;35:*.ogm=01;35:*.mp4=01;35:*.m4v=01;35:*.mp4v=01;35:*.vob=01;35:*.qt=01;35:*.nuv=01;35:*.wmv=01;35:*.asf=01;35:*.rm=01;35:*.rmvb=01;35:*.flc=01;35:*.avi=01;35:*.fli=01;35:*.flv=01;35:*.gl=01;35:*.dl=01;35:*.xcf=01;35:*.xwd=01;35:*.yuv=01;35:*.cgm=01;35:*.emf=01;35:*.ogv=01;35:*.ogx=01;35:*.aac=00;36:*.au=00;36:*.flac=00;36:*.m4a=00;36:*.mid=00;36:*.midi=00;36:*.mka=00;36:*.mp3=00;36:*.mpc=00;36:*.ogg=00;36:*.ra=00;36:*.wav=00;36:*.oga=00;36:*.opus=00;36:*.spx=00;36:*.xspf=00;36:*~=00;90:*#=00;90:*.bak=00;90:*.crdownload=00;90:*.dpkg-dist=00;90:*.dpkg-new=00;90:*.dpkg-old=00;90:*.dpkg-tmp=00;90:*.old=00;90:*.orig=00;90:*.part=00;90:*.rej=00;90:*.rpmnew=00;90:*.rpmorig=00;90:*.rpmsave=00;90:*.swp=00;90:*.tmp=00;90:*.ucf-dist=00;90:*.ucf-new=00;90:*.ucf-old=00;90:', 'GNOME_TERMINAL_SERVICE': ':1.134', 'SSH_AUTH_SOCK': '/run/user/1000/keyring/ssh', 'AMENT_PREFIX_PATH': '/opt/ros/jazzy', 'SHELL': '/bin/bash', 'LC_NAME': 'zh_CN.UTF-8', 'QT_ACCESSIBILITY': '1', 'GDMSESSION': 'ubuntu', 'LESSCLOSE': '/usr/bin/lesspipe %s %s', 'LC_MEASUREMENT': 'zh_CN.UTF-8', 'GPG_AGENT_INFO': '/run/user/1000/gnupg/S.gpg-agent:0:1', 'LC_IDENTIFICATION': 'zh_CN.UTF-8', 'ROS_AUTOMATIC_DISCOVERY_RANGE': 'SUBNET', 'QT_IM_MODULE': 'fcitx', 'PWD': '/home/robot-max/Desktop/ROS_2/build/ROS_2', 'XDG_CONFIG_DIRS': '/etc/xdg/xdg-ubuntu:/etc/xdg', 'CLUTTER_IM_MODULE': 'fcitx', 'DBUS_STARTER_ADDRESS': 'unix:path=/run/user/1000/bus,guid=80232d928d8461f0e531b3c8693f7612', 'XDG_DATA_DIRS': '/usr/share/ubuntu:/usr/share/gnome:/usr/local/share/:/usr/share/:/var/lib/snapd/desktop', 'PYTHONPATH': '/opt/ros/jazzy/lib/python3.12/site-packages', 'LC_NUMERIC': 'zh_CN.UTF-8', 'LC_PAPER': 'zh_CN.UTF-8', 'COLCON': '1', 'MEMORY_PRESSURE_WRITE': 'c29tZSAyMDAwMDAgMjAwMDAwMAA=', 'VTE_VERSION': '7600', 'CMAKE_PREFIX_PATH': '/opt/ros/jazzy/opt/gz_math_vendor:/opt/ros/jazzy/opt/gz_utils_vendor:/opt/ros/jazzy/opt/gz_cmake_vendor'}), 'shell': False}
[0.072489] (ROS_2) StdoutLine: {'line': b'-- The C compiler identification is GNU 13.3.0\n'}
[0.099829] (-) TimerEvent: {}
[0.146711] (ROS_2) StdoutLine: {'line': b'-- The CXX compiler identification is GNU 13.3.0\n'}
[0.165663] (ROS_2) StdoutLine: {'line': b'-- Detecting C compiler ABI info\n'}
[0.199900] (-) TimerEvent: {}
[0.254086] (ROS_2) StdoutLine: {'line': b'-- Detecting C compiler ABI info - done\n'}
[0.261365] (ROS_2) StdoutLine: {'line': b'-- Check for working C compiler: /usr/bin/cc - skipped\n'}
[0.261775] (ROS_2) StdoutLine: {'line': b'-- Detecting C compile features\n'}
[0.262282] (ROS_2) StdoutLine: {'line': b'-- Detecting C compile features - done\n'}
[0.272064] (ROS_2) StdoutLine: {'line': b'-- Detecting CXX compiler ABI info\n'}
[0.299988] (-) TimerEvent: {}
[0.369238] (ROS_2) StdoutLine: {'line': b'-- Detecting CXX compiler ABI info - done\n'}
[0.376756] (ROS_2) StdoutLine: {'line': b'-- Check for working CXX compiler: /usr/bin/c++ - skipped\n'}
[0.377041] (ROS_2) StdoutLine: {'line': b'-- Detecting CXX compile features\n'}
[0.377444] (ROS_2) StdoutLine: {'line': b'-- Detecting CXX compile features - done\n'}
[0.383923] (ROS_2) StdoutLine: {'line': b'-- Found ament_cmake: 2.5.4 (/opt/ros/jazzy/share/ament_cmake/cmake)\n'}
[0.400040] (-) TimerEvent: {}
[0.496968] (ROS_2) StdoutLine: {'line': b'-- Found Python3: /usr/bin/python3 (found version "3.12.3") found components: Interpreter \n'}
[0.500111] (-) TimerEvent: {}
[0.574516] (ROS_2) StdoutLine: {'line': b'-- Found rclcpp: 28.1.13 (/opt/ros/jazzy/share/rclcpp/cmake)\n'}
[0.600200] (-) TimerEvent: {}
[0.609721] (ROS_2) StdoutLine: {'line': b'-- Found rosidl_generator_c: 4.6.6 (/opt/ros/jazzy/share/rosidl_generator_c/cmake)\n'}
[0.619921] (ROS_2) StdoutLine: {'line': b'-- Found rosidl_generator_cpp: 4.6.6 (/opt/ros/jazzy/share/rosidl_generator_cpp/cmake)\n'}
[0.632960] (ROS_2) StdoutLine: {'line': b'-- Using all available rosidl_typesupport_c: rosidl_typesupport_fastrtps_c;rosidl_typesupport_introspection_c\n'}
[0.646865] (ROS_2) StdoutLine: {'line': b'-- Using all available rosidl_typesupport_cpp: rosidl_typesupport_fastrtps_cpp;rosidl_typesupport_introspection_cpp\n'}
[0.700269] (-) TimerEvent: {}
[0.705459] (ROS_2) StdoutLine: {'line': b'-- Found rmw_implementation_cmake: 7.3.2 (/opt/ros/jazzy/share/rmw_implementation_cmake/cmake)\n'}
[0.708084] (ROS_2) StdoutLine: {'line': b'-- Found rmw_fastrtps_cpp: 8.4.3 (/opt/ros/jazzy/share/rmw_fastrtps_cpp/cmake)\n'}
[0.780604] (ROS_2) StdoutLine: {'line': b'-- Found OpenSSL: /usr/lib/x86_64-linux-gnu/libcrypto.so (found version "3.0.13")  \n'}
[0.793927] (ROS_2) StdoutLine: {'line': b'-- Found FastRTPS: /opt/ros/jazzy/include (Required is at least version "2.13") \n'}
[0.800338] (-) TimerEvent: {}
[0.810488] (ROS_2) StdoutLine: {'line': b"-- Using RMW implementation 'rmw_fastrtps_cpp' as default\n"}
[0.866567] (ROS_2) StdoutLine: {'line': b'-- Found ament_lint_auto: 0.17.3 (/opt/ros/jazzy/share/ament_lint_auto/cmake)\n'}
[0.900414] (-) TimerEvent: {}
[0.910447] (ROS_2) StderrLine: {'line': b"Error parsing '/home/robot-max/Desktop/ROS_2/ROS_2/package.xml':\n"}
[1.000501] (-) TimerEvent: {}
[1.100715] (-) TimerEvent: {}
[1.200948] (-) TimerEvent: {}
[1.301180] (-) TimerEvent: {}
[1.401383] (-) TimerEvent: {}
[1.501577] (-) TimerEvent: {}
[1.601762] (-) TimerEvent: {}
[1.701960] (-) TimerEvent: {}
[1.802171] (-) TimerEvent: {}
[1.902381] (-) TimerEvent: {}
[2.002578] (-) TimerEvent: {}
[2.050184] (ROS_2) StderrLine: {'line': b'Traceback (most recent call last):\n'}
[2.050421] (ROS_2) StderrLine: {'line': b'  File "/usr/lib/python3/dist-packages/catkin_pkg/package.py", line 610, in parse_package_string\n'}
[2.050518] (ROS_2) StderrLine: {'line': b'    root = dom.parseString(data)\n'}
[2.050559] (ROS_2) StderrLine: {'line': b'           ^^^^^^^^^^^^^^^^^^^^^\n'}
[2.050610] (ROS_2) StderrLine: {'line': b'  File "/usr/lib/python3.12/xml/dom/minidom.py", line 2000, in parseString\n'}
[2.050646] (ROS_2) StderrLine: {'line': b'    return expatbuilder.parseString(string)\n'}
[2.050701] (ROS_2) StderrLine: {'line': b'           ^^^^^^^^^^^^^^^^^^^^^^^^^^^^^^^^\n'}
[2.050735] (ROS_2) StderrLine: {'line': b'  File "/usr/lib/python3.12/xml/dom/expatbuilder.py", line 922, in parseString\n'}
[2.050769] (ROS_2) StderrLine: {'line': b'    return builder.parseString(string)\n'}
[2.050803] (ROS_2) StderrLine: {'line': b'           ^^^^^^^^^^^^^^^^^^^^^^^^^^^\n'}
[2.050835] (ROS_2) StderrLine: {'line': b'  File "/usr/lib/python3.12/xml/dom/expatbuilder.py", line 220, in parseString\n'}
[2.050891] (ROS_2) StderrLine: {'line': b'    parser.Parse(string, True)\n'}
[2.050923] (ROS_2) StderrLine: {'line': b'xml.parsers.expat.ExpatError: mismatched tag: line 9, column 19\n'}
[2.050955] (ROS_2) StderrLine: {'line': b'\n'}
[2.050996] (ROS_2) StderrLine: {'line': b'During handling of the above exception, another exception occurred:\n'}
[2.051051] (ROS_2) StderrLine: {'line': b'\n'}
[2.051083] (ROS_2) StderrLine: {'line': b'Traceback (most recent call last):\n'}
[2.051112] (ROS_2) StderrLine: {'line': b'  File "/opt/ros/jazzy/share/ament_cmake_core/cmake/core/package_xml_2_cmake.py", line 150, in <module>\n'}
[2.051146] (ROS_2) StderrLine: {'line': b'    main()\n'}
[2.051176] (ROS_2) StderrLine: {'line': b'  File "/opt/ros/jazzy/share/ament_cmake_core/cmake/core/package_xml_2_cmake.py", line 53, in main\n'}
[2.051204] (ROS_2) StderrLine: {'line': b'    raise e\n'}
[2.051236] (ROS_2) StderrLine: {'line': b'  File "/opt/ros/jazzy/share/ament_cmake_core/cmake/core/package_xml_2_cmake.py", line 49, in main\n'}
[2.051265] (ROS_2) StderrLine: {'line': b'    package = parse_package_string(\n'}
[2.051294] (ROS_2) StderrLine: {'line': b'              ^^^^^^^^^^^^^^^^^^^^^\n'}
[2.051324] (ROS_2) StderrLine: {'line': b'  File "/usr/lib/python3/dist-packages/catkin_pkg/package.py", line 612, in parse_package_string\n'}
[2.051352] (ROS_2) StderrLine: {'line': b"    raise InvalidPackage('The manifest contains invalid XML:\\n%s' % ex, filename)\n"}
[2.051382] (ROS_2) StderrLine: {'line': b"catkin_pkg.package.InvalidPackage: Error(s) in package '/home/robot-max/Desktop/ROS_2/ROS_2/package.xml':\n"}
[2.051412] (ROS_2) StderrLine: {'line': b'The manifest contains invalid XML:\n'}
[2.051444] (ROS_2) StderrLine: {'line': b'mismatched tag: line 9, column 19\n'}
[2.091854] (ROS_2) StderrLine: {'line': b'\x1b[31mCMake Error at /opt/ros/jazzy/share/ament_cmake_core/cmake/core/ament_package_xml.cmake:95 (message):\n'}
[2.091997] (ROS_2) StderrLine: {'line': b'  execute_process(/usr/bin/python3\n'}
[2.092065] (ROS_2) StderrLine: {'line': b'  /opt/ros/jazzy/share/ament_cmake_core/cmake/core/package_xml_2_cmake.py\n'}
[2.092104] (ROS_2) StderrLine: {'line': b'  /home/robot-max/Desktop/ROS_2/ROS_2/package.xml\n'}
[2.092153] (ROS_2) StderrLine: {'line': b'  /home/robot-max/Desktop/ROS_2/build/ROS_2/ament_cmake_core/package.cmake)\n'}
[2.092186] (ROS_2) StderrLine: {'line': b'  returned error code 1\n'}
[2.092218] (ROS_2) StderrLine: {'line': b'Call Stack (most recent call first):\n'}
[2.092247] (ROS_2) StderrLine: {'line': b'  /opt/ros/jazzy/share/ament_cmake_core/cmake/core/ament_package_xml.cmake:49 (_ament_package_xml)\n'}
[2.092278] (ROS_2) StderrLine: {'line': b'  /opt/ros/jazzy/share/ament_lint_auto/cmake/ament_lint_auto_find_test_dependencies.cmake:31 (ament_package_xml)\n'}
[2.092309] (ROS_2) StderrLine: {'line': b'  CMakeLists.txt:30 (ament_lint_auto_find_test_dependencies)\n'}
[2.092340] (ROS_2) StderrLine: {'line': b'\n'}
[2.092372] (ROS_2) StderrLine: {'line': b'\x1b[0m\n'}
[2.092402] (ROS_2) StdoutLine: {'line': b'-- Configuring incomplete, errors occurred!\n'}
[2.102290] (ROS_2) CommandEnded: {'returncode': 1}
[2.102665] (-) TimerEvent: {}
[2.102778] (ROS_2) JobEnded: {'identifier': 'ROS_2', 'rc': 1}
[2.113168] (-) EventReactorShutdown: {}
