[0.009s] Invoking command in '/home/robot-max/Desktop/ROS_2/build/ROS_2': DEBUGINFOD_URLS=https://debuginfod.ubuntu.com /usr/bin/cmake /home/robot-max/Desktop/ROS_2/ROS_2 -DCMAKE_INSTALL_PREFIX=/home/robot-max/Desktop/ROS_2/install/ROS_2
[0.072s] -- The C compiler identification is GNU 13.3.0
[0.146s] -- The CXX compiler identification is GNU 13.3.0
[0.165s] -- Detecting C compiler ABI info
[0.254s] -- Detecting C compiler ABI info - done
[0.261s] -- Check for working C compiler: /usr/bin/cc - skipped
[0.261s] -- Detecting C compile features
[0.262s] -- Detecting C compile features - done
[0.272s] -- Detecting CXX compiler ABI info
[0.369s] -- Detecting CXX compiler ABI info - done
[0.376s] -- Check for working CXX compiler: /usr/bin/c++ - skipped
[0.377s] -- Detecting CXX compile features
[0.377s] -- Detecting CXX compile features - done
[0.384s] -- Found ament_cmake: 2.5.4 (/opt/ros/jazzy/share/ament_cmake/cmake)
[0.497s] -- Found Python3: /usr/bin/python3 (found version "3.12.3") found components: Interpreter 
[0.574s] -- Found rclcpp: 28.1.13 (/opt/ros/jazzy/share/rclcpp/cmake)
[0.609s] -- Found rosidl_generator_c: 4.6.6 (/opt/ros/jazzy/share/rosidl_generator_c/cmake)
[0.620s] -- Found rosidl_generator_cpp: 4.6.6 (/opt/ros/jazzy/share/rosidl_generator_cpp/cmake)
[0.633s] -- Using all available rosidl_typesupport_c: rosidl_typesupport_fastrtps_c;rosidl_typesupport_introspection_c
[0.647s] -- Using all available rosidl_typesupport_cpp: rosidl_typesupport_fastrtps_cpp;rosidl_typesupport_introspection_cpp
[0.705s] -- Found rmw_implementation_cmake: 7.3.2 (/opt/ros/jazzy/share/rmw_implementation_cmake/cmake)
[0.708s] -- Found rmw_fastrtps_cpp: 8.4.3 (/opt/ros/jazzy/share/rmw_fastrtps_cpp/cmake)
[0.780s] -- Found OpenSSL: /usr/lib/x86_64-linux-gnu/libcrypto.so (found version "3.0.13")  
[0.794s] -- Found FastRTPS: /opt/ros/jazzy/include (Required is at least version "2.13") 
[0.810s] -- Using RMW implementation 'rmw_fastrtps_cpp' as default
[0.866s] -- Found ament_lint_auto: 0.17.3 (/opt/ros/jazzy/share/ament_lint_auto/cmake)
[0.910s] Error parsing '/home/robot-max/Desktop/ROS_2/ROS_2/package.xml':
[2.050s] Traceback (most recent call last):
[2.050s]   File "/usr/lib/python3/dist-packages/catkin_pkg/package.py", line 610, in parse_package_string
[2.050s]     root = dom.parseString(data)
[2.050s]            ^^^^^^^^^^^^^^^^^^^^^
[2.050s]   File "/usr/lib/python3.12/xml/dom/minidom.py", line 2000, in parseString
[2.050s]     return expatbuilder.parseString(string)
[2.050s]            ^^^^^^^^^^^^^^^^^^^^^^^^^^^^^^^^
[2.050s]   File "/usr/lib/python3.12/xml/dom/expatbuilder.py", line 922, in parseString
[2.050s]     return builder.parseString(string)
[2.050s]            ^^^^^^^^^^^^^^^^^^^^^^^^^^^
[2.050s]   File "/usr/lib/python3.12/xml/dom/expatbuilder.py", line 220, in parseString
[2.051s]     parser.Parse(string, True)
[2.051s] xml.parsers.expat.ExpatError: mismatched tag: line 9, column 19
[2.051s] 
[2.051s] During handling of the above exception, another exception occurred:
[2.051s] 
[2.051s] Traceback (most recent call last):
[2.051s]   File "/opt/ros/jazzy/share/ament_cmake_core/cmake/core/package_xml_2_cmake.py", line 150, in <module>
[2.051s]     main()
[2.051s]   File "/opt/ros/jazzy/share/ament_cmake_core/cmake/core/package_xml_2_cmake.py", line 53, in main
[2.051s]     raise e
[2.051s]   File "/opt/ros/jazzy/share/ament_cmake_core/cmake/core/package_xml_2_cmake.py", line 49, in main
[2.051s]     package = parse_package_string(
[2.051s]               ^^^^^^^^^^^^^^^^^^^^^
[2.051s]   File "/usr/lib/python3/dist-packages/catkin_pkg/package.py", line 612, in parse_package_string
[2.051s]     raise InvalidPackage('The manifest contains invalid XML:\n%s' % ex, filename)
[2.051s] catkin_pkg.package.InvalidPackage: Error(s) in package '/home/robot-max/Desktop/ROS_2/ROS_2/package.xml':
[2.051s] The manifest contains invalid XML:
[2.051s] mismatched tag: line 9, column 19
[2.092s] [31mCMake Error at /opt/ros/jazzy/share/ament_cmake_core/cmake/core/ament_package_xml.cmake:95 (message):
[2.092s]   execute_process(/usr/bin/python3
[2.092s]   /opt/ros/jazzy/share/ament_cmake_core/cmake/core/package_xml_2_cmake.py
[2.092s]   /home/robot-max/Desktop/ROS_2/ROS_2/package.xml
[2.092s]   /home/robot-max/Desktop/ROS_2/build/ROS_2/ament_cmake_core/package.cmake)
[2.092s]   returned error code 1
[2.092s] Call Stack (most recent call first):
[2.092s]   /opt/ros/jazzy/share/ament_cmake_core/cmake/core/ament_package_xml.cmake:49 (_ament_package_xml)
[2.092s]   /opt/ros/jazzy/share/ament_lint_auto/cmake/ament_lint_auto_find_test_dependencies.cmake:31 (ament_package_xml)
[2.092s]   CMakeLists.txt:30 (ament_lint_auto_find_test_dependencies)
[2.092s] 
[2.092s] [0m
[2.092s] -- Configuring incomplete, errors occurred!
[2.102s] Invoked command in '/home/robot-max/Desktop/ROS_2/build/ROS_2' returned '1': DEBUGINFOD_URLS=https://debuginfod.ubuntu.com /usr/bin/cmake /home/robot-max/Desktop/ROS_2/ROS_2 -DCMAKE_INSTALL_PREFIX=/home/robot-max/Desktop/ROS_2/install/ROS_2
